2025-05-22 06:06:56,838 INFO: ChipMaster startup [in /Users/oguztemelli/Desktop/cs308/project/app/logger.py:32]
2025-05-22 06:13:36,806 INFO: User oguz.temelli@sabanciuniv.edu: User logged out [in /Users/oguztemelli/Desktop/cs308/project/app/logger.py:37]
2025-05-22 06:13:45,278 INFO: User pm@hotmail.com: Successful login [in /Users/oguztemelli/Desktop/cs308/project/app/logger.py:37]
2025-05-22 06:18:15,324 INFO: User pm@hotmail.com: User logged out [in /Users/oguztemelli/Desktop/cs308/project/app/logger.py:37]
2025-05-22 06:18:23,846 INFO: User sm@gmail.com: Successful login [in /Users/oguztemelli/Desktop/cs308/project/app/logger.py:37]
2025-05-22 06:24:14,135 INFO: User sm@gmail.com: User logged out [in /Users/oguztemelli/Desktop/cs308/project/app/logger.py:37]
2025-05-22 06:24:26,643 INFO: User pm@gmail.com: Failed login attempt [in /Users/oguztemelli/Desktop/cs308/project/app/logger.py:37]
2025-05-22 06:24:35,438 INFO: User pm@gmail.com: Failed login attempt [in /Users/oguztemelli/Desktop/cs308/project/app/logger.py:37]
2025-05-22 06:24:47,380 INFO: User pm@hotmail.com: Successful login [in /Users/oguztemelli/Desktop/cs308/project/app/logger.py:37]
2025-05-22 06:26:48,639 INFO: ChipMaster startup [in /Users/oguztemelli/Desktop/cs308/project/app/logger.py:32]
2025-05-22 06:30:05,045 INFO: ChipMaster startup [in /Users/oguztemelli/Desktop/cs308/project/app/logger.py:32]
2025-05-22 06:30:05,505 INFO: ChipMaster startup [in /Users/oguztemelli/Desktop/cs308/project/app/logger.py:32]
2025-05-22 06:31:59,408 INFO: ChipMaster startup [in /Users/oguztemelli/Desktop/cs308/project/app/logger.py:32]
2025-05-22 06:31:59,856 INFO: ChipMaster startup [in /Users/oguztemelli/Desktop/cs308/project/app/logger.py:32]
2025-05-22 07:05:14,366 INFO: ChipMaster startup [in /Users/oguztemelli/Desktop/cs308/project/app/logger.py:32]
2025-05-22 07:05:15,124 INFO: ChipMaster startup [in /Users/oguztemelli/Desktop/cs308/project/app/logger.py:32]
2025-05-22 07:06:01,796 INFO: User pm@hotmail.com: User logged out [in /Users/oguztemelli/Desktop/cs308/project/app/logger.py:37]
2025-05-22 07:06:16,155 INFO: User oguztemelli@sabanciuniv.edu: Failed login attempt [in /Users/oguztemelli/Desktop/cs308/project/app/logger.py:37]
2025-05-22 07:06:33,492 INFO: User oguz.temelli@sabanciuniv.edu: Successful login [in /Users/oguztemelli/Desktop/cs308/project/app/logger.py:37]
2025-05-22 07:09:07,905 INFO: ChipMaster startup [in /Users/oguztemelli/Desktop/cs308/project/app/logger.py:32]
2025-05-22 07:10:51,629 INFO: ChipMaster startup [in /Users/oguztemelli/Desktop/cs308/project/app/logger.py:32]
2025-05-22 07:12:06,831 INFO: ChipMaster startup [in /Users/oguztemelli/Desktop/cs308/project/app/logger.py:32]
2025-05-22 07:14:35,468 INFO: ChipMaster startup [in /Users/oguztemelli/Desktop/cs308/project/app/logger.py:32]
